
2023/11/05 (11:20:05) | ===> btop++ v.1.2.3
2023/11/05 (11:20:05) | ERROR: No tty detected!
btop++ needs an interactive shell to run.

2023/11/05 (11:20:12) | ===> btop++ v.1.2.3
2023/11/05 (11:20:12) | ERROR: No tty detected!
btop++ needs an interactive shell to run.

2023/11/05 (11:21:44) | ===> btop++ v.1.2.3
2023/11/05 (11:21:44) | ERROR: No tty detected!
btop++ needs an interactive shell to run.

2023/12/28 (16:59:22) | ===> btop++ v.1.2.13
2023/12/28 (16:59:22) | ERROR: No tty detected!
btop++ needs an interactive shell to run.

2023/12/28 (16:59:37) | ===> btop++ v.1.2.13
2023/12/28 (16:59:37) | ERROR: No tty detected!
btop++ needs an interactive shell to run.

2023/12/28 (17:00:42) | ===> btop++ v.1.2.13
2023/12/28 (17:00:42) | ERROR: No tty detected!
btop++ needs an interactive shell to run.

2023/12/28 (17:00:44) | ===> btop++ v.1.2.13
2023/12/28 (17:00:44) | ERROR: No tty detected!
btop++ needs an interactive shell to run.

2023/12/28 (17:02:16) | ===> btop++ v.1.2.13
2023/12/28 (17:02:16) | ERROR: No tty detected!
btop++ needs an interactive shell to run.

2023/12/28 (17:07:11) | ===> btop++ v.1.2.13
2023/12/28 (17:07:11) | ERROR: No tty detected!
btop++ needs an interactive shell to run.

2023/12/28 (17:14:46) | ===> btop++ v.1.2.13
2023/12/28 (17:14:46) | ERROR: No tty detected!
btop++ needs an interactive shell to run.

2023/12/28 (17:15:28) | ===> btop++ v.1.2.13
2023/12/28 (17:15:28) | ERROR: No tty detected!
btop++ needs an interactive shell to run.

2023/12/28 (17:17:25) | ===> btop++ v.1.2.13
2023/12/28 (17:17:25) | ERROR: No tty detected!
btop++ needs an interactive shell to run.

2023/12/28 (17:18:00) | ===> btop++ v.1.2.13
2023/12/28 (17:18:00) | ERROR: No tty detected!
btop++ needs an interactive shell to run.

2024/05/09 (16:09:27) | ===> btop++ v.1.2.13
2024/05/09 (16:09:27) | ERROR: No tty detected!
btop++ needs an interactive shell to run.

2024/06/03 (09:39:22) | ===> btop++ v.1.2.13
2024/06/03 (09:39:22) | ERROR: No tty detected!
btop++ needs an interactive shell to run.

2024/06/21 (16:18:55) | ===> btop++ v.1.2.13
2024/06/21 (16:18:55) | ERROR: No tty detected!
btop++ needs an interactive shell to run.

2024/07/13 (16:42:41) | ===> btop++ v.1.2.13
2024/07/13 (16:42:41) | ERROR: Failed to get size of terminal!

2024/07/13 (20:04:03) | ===> btop++ v.1.2.13
2024/07/13 (20:04:03) | ERROR: Stall in Runner thread, restarting!

2024/07/14 (21:28:19) | ===> btop++ v.1.2.13
2024/07/14 (21:28:19) | ERROR: Stall in Runner thread, restarting!

2024/08/10 (17:09:24) | ===> btop++ v.1.2.13
2024/08/10 (17:09:24) | ERROR: Stall in Runner thread, restarting!

2024/12/05 (13:16:58) | ===> btop++ v.1.2.3
2024/12/05 (13:16:58) | ERROR: No UTF-8 locale detected!
Use --utf-force argument to force start if you're sure your terminal can handle it.

2025/05/02 (10:55:44) | ===> btop++ v.1.3.0
2025/05/02 (10:55:44) | ERROR: No tty detected!
btop++ needs an interactive shell to run.

2025/05/02 (10:55:46) | ===> btop++ v.1.3.0
2025/05/02 (10:55:46) | ERROR: No tty detected!
btop++ needs an interactive shell to run.

2025/11/12 (19:41:09) | ===> btop++ v.1.3.0
2025/11/12 (19:41:09) | ERROR: Exception during Config::unlock() : unordered_map::at

2026/04/12 (19:40:36) | ===> btop++ v.1.3.0
2026/04/12 (19:40:36) | WARNING: ROCm SMI: Failed to get maximum GPU temperature, defaulting to 110°C
2026/04/12 (19:41:22) | INFO: Logger set to INFO

2026/04/12 (19:43:15) | ===> btop++ v.1.3.0
2026/04/12 (19:43:15) | WARNING: ROCm SMI: Failed to get maximum GPU temperature, defaulting to 110°C

2026/04/12 (19:43:19) | ===> btop++ v.1.3.0
2026/04/12 (19:43:19) | WARNING: ROCm SMI: Failed to get maximum GPU temperature, defaulting to 110°C

2026/04/12 (19:43:45) | ===> btop++ v.1.3.0
2026/04/12 (19:43:45) | WARNING: ROCm SMI: Failed to get maximum GPU temperature, defaulting to 110°C

2026/04/12 (19:44:00) | ===> btop++ v.1.3.0
2026/04/12 (19:44:00) | WARNING: ROCm SMI: Failed to get maximum GPU temperature, defaulting to 110°C

2026/04/12 (19:44:14) | ===> btop++ v.1.3.0
2026/04/12 (19:44:14) | WARNING: ROCm SMI: Failed to get maximum GPU temperature, defaulting to 110°C

2026/04/12 (19:44:35) | ===> btop++ v.1.3.0
2026/04/12 (19:44:35) | WARNING: ROCm SMI: Failed to get maximum GPU temperature, defaulting to 110°C

2026/04/12 (19:45:07) | ===> btop++ v.1.3.0
2026/04/12 (19:45:07) | WARNING: ROCm SMI: Failed to get maximum GPU temperature, defaulting to 110°C

2026/04/12 (19:45:49) | ===> btop++ v.1.3.0
2026/04/12 (19:45:49) | WARNING: ROCm SMI: Failed to get maximum GPU temperature, defaulting to 110°C

2026/04/12 (21:09:49) | ===> btop++ v.1.3.0
2026/04/12 (21:09:49) | WARNING: ROCm SMI: Failed to get maximum GPU temperature, defaulting to 110°C

2026/04/12 (21:09:58) | ===> btop++ v.1.3.0
2026/04/12 (21:09:58) | WARNING: ROCm SMI: Failed to get maximum GPU temperature, defaulting to 110°C

2026/04/13 (11:34:21) | ===> btop++ v.1.3.0
2026/04/13 (11:34:21) | WARNING: ROCm SMI: Failed to get maximum GPU temperature, defaulting to 110°C

2026/04/14 (11:48:05) | ===> btop++ v.1.3.0
2026/04/14 (11:48:05) | WARNING: ROCm SMI: Failed to get maximum GPU temperature, defaulting to 110°C

2026/04/14 (12:00:40) | ===> btop++ v.1.3.0
2026/04/14 (12:00:40) | WARNING: ROCm SMI: Failed to get maximum GPU temperature, defaulting to 110°C

2026/04/14 (12:00:51) | ===> btop++ v.1.3.0
2026/04/14 (12:00:51) | WARNING: ROCm SMI: Failed to get maximum GPU temperature, defaulting to 110°C

2026/04/14 (12:02:37) | ===> btop++ v.1.3.0
2026/04/14 (12:02:37) | WARNING: ROCm SMI: Failed to get maximum GPU temperature, defaulting to 110°C

2026/04/15 (08:54:39) | ===> btop++ v.1.3.0
2026/04/15 (08:54:39) | WARNING: ROCm SMI: Failed to get maximum GPU temperature, defaulting to 110°C

2026/04/15 (08:54:40) | ===> btop++ v.1.3.0
2026/04/15 (08:54:40) | WARNING: ROCm SMI: Failed to get maximum GPU temperature, defaulting to 110°C

2026/04/15 (08:55:17) | ===> btop++ v.1.3.0
2026/04/15 (08:55:17) | WARNING: ROCm SMI: Failed to get maximum GPU temperature, defaulting to 110°C

2026/04/20 (14:06:53) | ===> btop++ v.1.3.0
2026/04/20 (14:06:53) | WARNING: ROCm SMI: Failed to get maximum GPU temperature, defaulting to 110°C

2026/04/20 (14:10:22) | ===> btop++ v.1.3.0
2026/04/20 (14:10:22) | WARNING: ROCm SMI: Failed to get maximum GPU temperature, defaulting to 110°C

2026/04/20 (14:10:44) | ===> btop++ v.1.3.0
2026/04/20 (14:10:44) | WARNING: ROCm SMI: Failed to get maximum GPU temperature, defaulting to 110°C

2026/04/20 (14:11:06) | ===> btop++ v.1.3.0
2026/04/20 (14:11:06) | WARNING: ROCm SMI: Failed to get maximum GPU temperature, defaulting to 110°C

2026/04/24 (15:18:06) | ===> btop++ v.1.3.0
2026/04/24 (15:18:06) | WARNING: ROCm SMI: Failed to get maximum GPU temperature, defaulting to 110°C

2026/05/04 (21:00:32) | ===> btop++ v.1.3.0
2026/05/04 (21:00:32) | WARNING: ROCm SMI: Failed to get maximum GPU temperature, defaulting to 110°C

2026/05/05 (17:08:40) | ===> btop++ v.1.3.0
2026/05/05 (17:08:40) | WARNING: ROCm SMI: Failed to get maximum GPU temperature, defaulting to 110°C

2026/05/05 (17:13:13) | ===> btop++ v.1.3.0
2026/05/05 (17:13:13) | WARNING: ROCm SMI: Failed to get maximum GPU temperature, defaulting to 110°C

2026/05/05 (17:15:23) | ===> btop++ v.1.3.0
2026/05/05 (17:15:23) | WARNING: ROCm SMI: Failed to get maximum GPU temperature, defaulting to 110°C

2026/05/06 (09:43:43) | ===> btop++ v.1.3.0
2026/05/06 (09:43:43) | WARNING: ROCm SMI: Failed to get maximum GPU temperature, defaulting to 110°C

2026/05/06 (09:57:01) | ===> btop++ v.1.3.0
2026/05/06 (09:57:01) | WARNING: ROCm SMI: Failed to get maximum GPU temperature, defaulting to 110°C

2026/05/07 (10:36:18) | ===> btop++ v.1.3.0
2026/05/07 (10:36:18) | WARNING: ROCm SMI: Failed to get maximum GPU temperature, defaulting to 110°C

2026/05/20 (08:50:20) | ===> btop++ v.1.3.0
2026/05/20 (08:50:20) | WARNING: ROCm SMI: Failed to get maximum GPU temperature, defaulting to 110°C

2026/05/20 (08:50:42) | ===> btop++ v.1.3.0
2026/05/20 (08:50:42) | WARNING: ROCm SMI: Failed to get maximum GPU temperature, defaulting to 110°C

2026/05/20 (08:56:16) | ===> btop++ v.1.3.0
2026/05/20 (08:56:16) | WARNING: ROCm SMI: Failed to get maximum GPU temperature, defaulting to 110°C

2026/05/20 (08:59:53) | ===> btop++ v.1.3.0
2026/05/20 (08:59:53) | WARNING: ROCm SMI: Failed to get maximum GPU temperature, defaulting to 110°C

2026/05/20 (09:02:21) | ===> btop++ v.1.3.0
2026/05/20 (09:02:21) | WARNING: ROCm SMI: Failed to get maximum GPU temperature, defaulting to 110°C

2026/05/20 (09:04:31) | ===> btop++ v.1.3.0
2026/05/20 (09:04:31) | WARNING: ROCm SMI: Failed to get maximum GPU temperature, defaulting to 110°C

2026/05/20 (09:10:58) | ===> btop++ v.1.3.0
2026/05/20 (09:10:58) | WARNING: ROCm SMI: Failed to get maximum GPU temperature, defaulting to 110°C

2026/05/20 (09:17:47) | ===> btop++ v.1.3.0
2026/05/20 (09:17:47) | WARNING: ROCm SMI: Failed to get maximum GPU temperature, defaulting to 110°C

2026/05/22 (16:07:28) | ===> btop++ v.1.3.0
2026/05/22 (16:07:28) | WARNING: ROCm SMI: Failed to get maximum GPU temperature, defaulting to 110°C

2026/05/22 (16:07:54) | ===> btop++ v.1.3.0
2026/05/22 (16:07:54) | WARNING: ROCm SMI: Failed to get maximum GPU temperature, defaulting to 110°C

2026/05/25 (20:37:44) | ===> btop++ v.1.3.0
2026/05/25 (20:37:44) | WARNING: ROCm SMI: Failed to get maximum GPU temperature, defaulting to 110°C

2026/05/29 (09:25:41) | ===> btop++ v.1.3.0
2026/05/29 (09:25:41) | WARNING: ROCm SMI: Failed to get maximum GPU temperature, defaulting to 110°C

2026/06/01 (13:19:47) | ===> btop++ v.1.3.0
2026/06/01 (13:19:47) | WARNING: ROCm SMI: Failed to get maximum GPU temperature, defaulting to 110°C

2026/06/01 (13:25:12) | ===> btop++ v.1.3.0
2026/06/01 (13:25:12) | WARNING: ROCm SMI: Failed to get maximum GPU temperature, defaulting to 110°C

2026/06/01 (17:43:20) | ===> btop++ v.1.3.0
2026/06/01 (17:43:20) | WARNING: ROCm SMI: Failed to get maximum GPU temperature, defaulting to 110°C

2026/06/01 (17:48:06) | ===> btop++ v.1.3.0
2026/06/01 (17:48:06) | WARNING: ROCm SMI: Failed to get maximum GPU temperature, defaulting to 110°C

2026/06/03 (08:42:56) | ===> btop++ v.1.3.0
2026/06/03 (08:42:56) | WARNING: ROCm SMI: Failed to get maximum GPU temperature, defaulting to 110°C

2026/06/03 (11:06:56) | ===> btop++ v.1.3.0
2026/06/03 (11:06:56) | WARNING: ROCm SMI: Failed to get maximum GPU temperature, defaulting to 110°C

2026/06/05 (23:18:06) | ===> btop++ v.1.3.0
2026/06/05 (23:18:06) | WARNING: ROCm SMI: Failed to get maximum GPU temperature, defaulting to 110°C

2026/06/05 (23:33:29) | ===> btop++ v.1.3.0
2026/06/05 (23:33:29) | WARNING: ROCm SMI: Failed to get maximum GPU temperature, defaulting to 110°C

2026/06/09 (17:29:17) | ===> btop++ v.1.3.0
2026/06/09 (17:29:17) | WARNING: ROCm SMI: Failed to get maximum GPU temperature, defaulting to 110°C

2026/06/12 (11:09:31) | ===> btop++ v.1.3.0
2026/06/12 (11:09:31) | WARNING: ROCm SMI: Failed to get maximum GPU temperature, defaulting to 110°C

2026/06/12 (12:01:03) | ===> btop++ v.1.3.0
2026/06/12 (12:01:03) | WARNING: ROCm SMI: Failed to get maximum GPU temperature, defaulting to 110°C

2026/06/12 (23:03:05) | ===> btop++ v.1.3.0
2026/06/12 (23:03:05) | WARNING: ROCm SMI: Failed to get maximum GPU temperature, defaulting to 110°C

2026/06/12 (23:07:43) | ===> btop++ v.1.3.0
2026/06/12 (23:07:43) | WARNING: ROCm SMI: Failed to get maximum GPU temperature, defaulting to 110°C
